<?xml version="1.0" encoding="UTF-8"?>
<TestRun id="262c7238-d257-4ed4-a5d8-fa2d8b06c564" name="Marcin@MARCIN-KOMPUTER 2013-05-20 21:51:02" runUser="Marcin-Komputer\Marcin" xmlns="http://microsoft.com/schemas/VisualStudio/TeamTest/2010">
  <TestSettings name="Local" id="31046817-227f-4161-9a97-5d34efa999fb">
    <Description>These are default test settings for a local test run.</Description>
    <Deployment enabled="false" runDeploymentRoot="Marcin_MARCIN-KOMPUTER 2013-05-20 21_51_02">
      <DeploymentItem filename="C:\Users\Marcin\Desktop\Blog\packages\DbTestHelpers\YamlDotNet.Core.dll" />
      <DeploymentItem filename="C:\Users\Marcin\Desktop\Blog\Blog.DAL\bin\Debug\Blog.DAL.dll" />
      <DeploymentItem filename="C:\Users\Marcin\Desktop\Blog\packages\EntityFramework.5.0.0\lib\net40\EntityFramework.dll" />
      <DeploymentItem filename="C:\Users\Marcin\Desktop\Blog\packages\DbTestHelpers\YamlDotNet.RepresentationModel.dll" />
      <DeploymentItem filename="C:\Users\Marcin\Desktop\Blog\packages\DbTestHelpers\TDD.DbTestHelpers.dll" />
    </Deployment>
    <Execution>
      <TestTypeSpecific />
      <AgentRule name="Execution Agents">
      </AgentRule>
    </Execution>
  </TestSettings>
  <Times creation="2013-05-20T21:51:02.2690700+02:00" queuing="2013-05-20T21:51:04.4428982+02:00" start="2013-05-20T21:51:04.6645779+02:00" finish="2013-05-20T21:51:29.7492492+02:00" />
  <ResultSummary outcome="Error">
    <Counters total="4" executed="1" error="0" failed="0" timeout="0" aborted="1" inconclusive="0" passedButRunAborted="0" notRunnable="0" notExecuted="3" disconnected="0" warning="0" passed="0" completed="0" inProgress="0" pending="0" />
    <RunInfos>
      <RunInfo computerName="MARCIN-KOMPUTER" outcome="Error" timestamp="2013-05-20T21:51:29.7395814+02:00">
        <Text>Test host process exited unexpectedly.</Text>
      </RunInfo>
    </RunInfos>
  </ResultSummary>
  <TestDefinitions>
    <UnitTest name="GetAllPost_OnePostInDb_ReturnOnePost" storage="c:\users\marcin\desktop\blog\blog.dal.tests\bin\debug\blog.dal.tests.dll" id="8eb3fc89-a933-3141-9fc4-10d31ead6588">
      <Execution id="2d70cb3d-e283-41d9-9d3c-5b09f4e4cf4a" />
      <TestMethod codeBase="C:/Users/Marcin/Desktop/Blog/Blog.DAL.Tests/bin/Debug/Blog.DAL.Tests.DLL" adapterTypeName="Microsoft.VisualStudio.TestTools.TestTypes.Unit.UnitTestAdapter, Microsoft.VisualStudio.QualityTools.Tips.UnitTest.Adapter, Version=10.0.0.0, Culture=neutral, PublicKeyToken=b03f5f7f11d50a3a" className="Blog.DAL.Tests.RepositoryTests, Blog.DAL.Tests, Version=1.0.0.0, Culture=neutral, PublicKeyToken=null" name="GetAllPost_OnePostInDb_ReturnOnePost" />
    </UnitTest>
    <UnitTest name="GetAllPost_AddPost_TwoPostsExpected" storage="c:\users\marcin\desktop\blog\blog.dal.tests\bin\debug\blog.dal.tests.dll" id="a27eb2de-2f8f-8b86-c856-8e6bc5b885db">
      <Execution id="b1a30044-38ff-4864-b8d2-9443ea753167" />
      <TestMethod codeBase="C:/Users/Marcin/Desktop/Blog/Blog.DAL.Tests/bin/Debug/Blog.DAL.Tests.DLL" adapterTypeName="Microsoft.VisualStudio.TestTools.TestTypes.Unit.UnitTestAdapter, Microsoft.VisualStudio.QualityTools.Tips.UnitTest.Adapter, Version=10.0.0.0, Culture=neutral, PublicKeyToken=b03f5f7f11d50a3a" className="Blog.DAL.Tests.RepositoryTests, Blog.DAL.Tests, Version=1.0.0.0, Culture=neutral, PublicKeyToken=null" name="GetAllPost_AddPost_TwoPostsExpected" />
    </UnitTest>
    <UnitTest name="GetAllPost_AddPostWithoutAuthor_ValidatePost" storage="c:\users\marcin\desktop\blog\blog.dal.tests\bin\debug\blog.dal.tests.dll" id="76ad8f6a-4818-5920-1b84-c94b13a5c852">
      <Execution id="9f97c3ed-01e9-4887-a22e-20dcee1b1561" />
      <TestMethod codeBase="C:/Users/Marcin/Desktop/Blog/Blog.DAL.Tests/bin/Debug/Blog.DAL.Tests.DLL" adapterTypeName="Microsoft.VisualStudio.TestTools.TestTypes.Unit.UnitTestAdapter, Microsoft.VisualStudio.QualityTools.Tips.UnitTest.Adapter, Version=10.0.0.0, Culture=neutral, PublicKeyToken=b03f5f7f11d50a3a" className="Blog.DAL.Tests.RepositoryTests, Blog.DAL.Tests, Version=1.0.0.0, Culture=neutral, PublicKeyToken=null" name="GetAllPost_AddPostWithoutAuthor_ValidatePost" />
    </UnitTest>
    <UnitTest name="GetComments_AddPostAndComment_OneCommentExpected" storage="c:\users\marcin\desktop\blog\blog.dal.tests\bin\debug\blog.dal.tests.dll" id="e4e80f04-5d91-2d87-768c-10132d8bd0cb">
      <Execution id="161c901f-e77e-4c95-a56f-d269117e661e" />
      <TestMethod codeBase="C:/Users/Marcin/Desktop/Blog/Blog.DAL.Tests/bin/Debug/Blog.DAL.Tests.DLL" adapterTypeName="Microsoft.VisualStudio.TestTools.TestTypes.Unit.UnitTestAdapter, Microsoft.VisualStudio.QualityTools.Tips.UnitTest.Adapter, Version=10.0.0.0, Culture=neutral, PublicKeyToken=b03f5f7f11d50a3a" className="Blog.DAL.Tests.RepositoryTests, Blog.DAL.Tests, Version=1.0.0.0, Culture=neutral, PublicKeyToken=null" name="GetComments_AddPostAndComment_OneCommentExpected" />
    </UnitTest>
  </TestDefinitions>
  <TestLists>
    <TestList name="Results Not in a List" id="8c84fa94-04c1-424b-9868-57a2d4851a1d" />
    <TestList name="All Loaded Results" id="19431567-8539-422a-85d7-44ee4e166bda" />
  </TestLists>
  <TestEntries>
    <TestEntry testId="8eb3fc89-a933-3141-9fc4-10d31ead6588" executionId="2d70cb3d-e283-41d9-9d3c-5b09f4e4cf4a" testListId="8c84fa94-04c1-424b-9868-57a2d4851a1d" />
    <TestEntry testId="a27eb2de-2f8f-8b86-c856-8e6bc5b885db" executionId="b1a30044-38ff-4864-b8d2-9443ea753167" testListId="8c84fa94-04c1-424b-9868-57a2d4851a1d" />
    <TestEntry testId="76ad8f6a-4818-5920-1b84-c94b13a5c852" executionId="9f97c3ed-01e9-4887-a22e-20dcee1b1561" testListId="8c84fa94-04c1-424b-9868-57a2d4851a1d" />
    <TestEntry testId="e4e80f04-5d91-2d87-768c-10132d8bd0cb" executionId="161c901f-e77e-4c95-a56f-d269117e661e" testListId="8c84fa94-04c1-424b-9868-57a2d4851a1d" />
  </TestEntries>
  <Results>
    <UnitTestResult executionId="2d70cb3d-e283-41d9-9d3c-5b09f4e4cf4a" testId="8eb3fc89-a933-3141-9fc4-10d31ead6588" testName="GetAllPost_OnePostInDb_ReturnOnePost" computerName="MARCIN-KOMPUTER" duration="00:00:24.8664097" startTime="2013-05-20T21:51:04.8774685+02:00" endTime="2013-05-20T21:51:29.7438782+02:00" testType="13cdc9d9-ddb5-4fa4-a97d-d965ccfc6d4b" outcome="Aborted" testListId="8c84fa94-04c1-424b-9868-57a2d4851a1d" relativeResultsDirectory="2d70cb3d-e283-41d9-9d3c-5b09f4e4cf4a">
    </UnitTestResult>
    <UnitTestResult executionId="b1a30044-38ff-4864-b8d2-9443ea753167" testId="a27eb2de-2f8f-8b86-c856-8e6bc5b885db" testName="GetAllPost_AddPost_TwoPostsExpected" computerName="MARCIN-KOMPUTER" testType="13cdc9d9-ddb5-4fa4-a97d-d965ccfc6d4b" outcome="NotExecuted" testListId="8c84fa94-04c1-424b-9868-57a2d4851a1d" relativeResultsDirectory="b1a30044-38ff-4864-b8d2-9443ea753167">
    </UnitTestResult>
    <UnitTestResult executionId="9f97c3ed-01e9-4887-a22e-20dcee1b1561" testId="76ad8f6a-4818-5920-1b84-c94b13a5c852" testName="GetAllPost_AddPostWithoutAuthor_ValidatePost" computerName="MARCIN-KOMPUTER" testType="13cdc9d9-ddb5-4fa4-a97d-d965ccfc6d4b" outcome="NotExecuted" testListId="8c84fa94-04c1-424b-9868-57a2d4851a1d" relativeResultsDirectory="9f97c3ed-01e9-4887-a22e-20dcee1b1561">
    </UnitTestResult>
    <UnitTestResult executionId="161c901f-e77e-4c95-a56f-d269117e661e" testId="e4e80f04-5d91-2d87-768c-10132d8bd0cb" testName="GetComments_AddPostAndComment_OneCommentExpected" computerName="MARCIN-KOMPUTER" testType="13cdc9d9-ddb5-4fa4-a97d-d965ccfc6d4b" outcome="NotExecuted" testListId="8c84fa94-04c1-424b-9868-57a2d4851a1d" relativeResultsDirectory="161c901f-e77e-4c95-a56f-d269117e661e">
    </UnitTestResult>
  </Results>
</TestRun>